\BOOKMARK [1][-]{section.1}{\376\377\000I\000n\000t\000r\000o\000d\000u\000c\000t\000i\000o\000n}{}% 1
\BOOKMARK [1][-]{section.2}{\376\377\000R\000e\000l\000a\000t\000e\000d\000\040\000W\000o\000r\000k\000\040\000a\000n\000d\000\040\000P\000o\000s\000i\000t\000i\000o\000n\000i\000n\000g}{}% 2
\BOOKMARK [1][-]{section.3}{\376\377\000P\000r\000o\000b\000l\000e\000m\000\040\000S\000e\000t\000u\000p}{}% 3
\BOOKMARK [2][-]{subsection.3.1}{\376\377\000N\000o\000n\000s\000t\000a\000t\000i\000o\000n\000a\000r\000y\000\040\000e\000p\000i\000s\000o\000d\000i\000c\000\040\000p\000o\000r\000t\000f\000o\000l\000i\000o\000\040\000p\000r\000o\000c\000e\000s\000s}{section.3}% 4
\BOOKMARK [2][-]{subsection.3.2}{\376\377\000D\000y\000n\000a\000m\000i\000c\000\040\000r\000e\000f\000e\000r\000e\000n\000c\000e\000\040\000a\000n\000d\000\040\000t\000e\000r\000m\000i\000n\000a\000l\000\040\000r\000e\000l\000a\000t\000i\000v\000e\000\040\000o\000u\000t\000c\000o\000m\000e}{section.3}% 5
\BOOKMARK [2][-]{subsection.3.3}{\376\377\000D\000i\000r\000i\000c\000h\000l\000e\000t\000\040\000p\000o\000r\000t\000f\000o\000l\000i\000o\000\040\000p\000o\000l\000i\000c\000y}{section.3}% 6
\BOOKMARK [2][-]{subsection.3.4}{\376\377\000R\000e\000g\000u\000l\000a\000r\000i\000z\000e\000d\000\040\000C\000P\000T\000\040\000o\000b\000j\000e\000c\000t\000i\000v\000e}{section.3}% 7
\BOOKMARK [2][-]{subsection.3.5}{\376\377\000O\000n\000l\000i\000n\000e\000\040\000a\000p\000p\000r\000o\000x\000i\000m\000a\000t\000i\000o\000n\000\040\000a\000n\000d\000\040\000v\000a\000r\000i\000a\000t\000i\000o\000n\000\040\000b\000u\000d\000g\000e\000t\000s}{section.3}% 8
\BOOKMARK [2][-]{subsection.3.6}{\376\377\000P\000r\000o\000j\000e\000c\000t\000e\000d\000\040\000r\000e\000s\000i\000d\000u\000a\000l\000\040\000a\000n\000d\000\040\000d\000y\000n\000a\000m\000i\000c\000\040\000l\000o\000c\000a\000l\000\040\000r\000e\000g\000r\000e\000t}{section.3}% 9
\BOOKMARK [2][-]{subsection.3.7}{\376\377\000A\000s\000s\000u\000m\000p\000t\000i\000o\000n\000s}{section.3}% 10
\BOOKMARK [1][-]{section.4}{\376\377\000A\000l\000g\000o\000r\000i\000t\000h\000m}{}% 11
\BOOKMARK [2][-]{subsection.4.1}{\376\377\000C\000e\000n\000t\000e\000r\000e\000d\000\040\000l\000e\000a\000v\000e\000-\000o\000n\000e\000-\000o\000u\000t\000\040\000b\000a\000s\000e\000\040\000a\000n\000d\000\040\000r\000a\000w\000\040\000r\000a\000n\000d\000o\000m\000i\000z\000e\000d\000\040\000c\000o\000r\000r\000e\000c\000t\000i\000o\000n}{section.4}% 12
\BOOKMARK [2][-]{subsection.4.2}{\376\377\000O\000n\000l\000i\000n\000e\000\040\000u\000p\000d\000a\000t\000e}{section.4}% 13
\BOOKMARK [1][-]{section.5}{\376\377\000M\000a\000i\000n\000\040\000R\000e\000s\000u\000l\000t\000s}{}% 14
\BOOKMARK [2][-]{subsection.5.1}{\376\377\000R\000e\000f\000e\000r\000e\000n\000c\000e\000\040\000d\000e\000p\000e\000n\000d\000e\000n\000c\000e}{section.5}% 15
\BOOKMARK [2][-]{subsection.5.2}{\376\377\000E\000x\000a\000c\000t\000\040\000f\000r\000o\000z\000e\000n\000-\000t\000a\000r\000g\000e\000t\000\040\000g\000r\000a\000d\000i\000e\000n\000t\000\040\000e\000s\000t\000i\000m\000a\000t\000i\000o\000n}{section.5}% 16
\BOOKMARK [2][-]{subsection.5.3}{\376\377\000O\000n\000l\000i\000n\000e\000\040\000f\000i\000r\000s\000t\000-\000o\000r\000d\000e\000r\000\040\000t\000r\000a\000c\000k\000i\000n\000g\000\040\000u\000n\000d\000e\000r\000\040\000a\000\040\000m\000o\000v\000i\000n\000g\000\040\000C\000P\000T\000\040\000o\000b\000j\000e\000c\000t\000i\000v\000e}{section.5}% 17
\BOOKMARK [2][-]{subsection.5.4}{\376\377\000F\000i\000x\000e\000d\000-\000d\000i\000m\000e\000n\000s\000i\000o\000n\000\040\000m\000i\000n\000i\000m\000a\000x\000\040\000i\000n\000f\000o\000r\000m\000a\000t\000i\000o\000n\000\040\000r\000a\000t\000e}{section.5}% 18
\BOOKMARK [1][-]{section.6}{\376\377\000E\000x\000p\000e\000r\000i\000m\000e\000n\000t\000a\000l\000\040\000D\000e\000s\000i\000g\000n\000\040\000a\000n\000d\000\040\000E\000v\000i\000d\000e\000n\000c\000e}{}% 19
\BOOKMARK [2][-]{subsection.6.1}{\376\377\000E\000x\000p\000e\000r\000i\000m\000e\000n\000t\000a\000l\000\040\000r\000o\000a\000d\000m\000a\000p}{section.6}% 20
\BOOKMARK [2][-]{subsection.6.2}{\376\377\000E\0001\000:\000\040\000P\000a\000t\000h\000\040\000d\000e\000p\000e\000n\000d\000e\000n\000c\000e\000\040\000a\000n\000d\000\040\000p\000o\000r\000t\000f\000o\000l\000i\000o\000\040\000c\000h\000o\000i\000c\000e}{section.6}% 21
\BOOKMARK [2][-]{subsection.6.3}{\376\377\000E\0002\000:\000\040\000F\000i\000n\000i\000t\000e\000-\000s\000a\000m\000p\000l\000e\000\040\000g\000r\000a\000d\000i\000e\000n\000t\000\040\000e\000s\000t\000i\000m\000a\000t\000i\000o\000n}{section.6}% 22
\BOOKMARK [2][-]{subsection.6.4}{\376\377\000E\0003\000:\000\040\000C\000o\000n\000t\000i\000n\000u\000o\000u\000s\000\040\000s\000l\000o\000w\000-\000v\000a\000r\000i\000a\000t\000i\000o\000n\000\040\000o\000n\000l\000i\000n\000e\000\040\000t\000r\000a\000c\000k\000i\000n\000g}{section.6}% 23
\BOOKMARK [2][-]{subsection.6.5}{\376\377\000E\0004\000:\000\040\000R\000e\000f\000e\000r\000e\000n\000c\000e\000-\000m\000e\000c\000h\000a\000n\000i\000s\000m\000\040\000a\000b\000l\000a\000t\000i\000o\000n\000\040\000a\000n\000d\000\040\000r\000o\000b\000u\000s\000t\000n\000e\000s\000s\000\040\000o\000f\000\040\000o\000n\000l\000i\000n\000e\000\040\000t\000r\000a\000c\000k\000i\000n\000g}{section.6}% 24
\BOOKMARK [2][-]{subsection.6.6}{\376\377\000E\0005\000:\000\040\000R\000e\000a\000l\000-\000m\000a\000r\000k\000e\000t\000\040\000p\000o\000r\000t\000f\000o\000l\000i\000o\000\040\000e\000v\000a\000l\000u\000a\000t\000i\000o\000n}{section.6}% 25
\BOOKMARK [2][-]{subsection.6.7}{\376\377\000E\0006\000:\000\040\000I\000n\000v\000e\000s\000t\000o\000r\000\040\000b\000e\000h\000a\000v\000i\000o\000r\000\040\000p\000r\000e\000d\000i\000c\000t\000i\000o\000n}{section.6}% 26
\BOOKMARK [2][-]{subsection.6.8}{\376\377\000E\0007\000:\000\040\000S\000i\000m\000u\000l\000a\000t\000e\000d\000\040\000h\000e\000t\000e\000r\000o\000g\000e\000n\000e\000o\000u\000s\000-\000i\000n\000v\000e\000s\000t\000o\000r\000\040\000i\000n\000t\000e\000r\000a\000c\000t\000i\000o\000n}{section.6}% 27
\BOOKMARK [1][-]{section.7}{\376\377\000D\000i\000s\000c\000u\000s\000s\000i\000o\000n}{}% 28
\BOOKMARK [1][-]{appendix.A}{\376\377\000N\000o\000t\000a\000t\000i\000o\000n\000\040\000a\000n\000d\000\040\000A\000n\000a\000l\000y\000t\000i\000c\000\040\000P\000r\000e\000l\000i\000m\000i\000n\000a\000r\000i\000e\000s}{}% 29
\BOOKMARK [2][-]{subsection.A.1}{\376\377\000M\000a\000i\000n\000\040\000n\000o\000t\000a\000t\000i\000o\000n}{appendix.A}% 30
\BOOKMARK [2][-]{subsection.A.2}{\376\377\000D\000i\000r\000i\000c\000h\000l\000e\000t\000\040\000s\000c\000o\000r\000e\000\040\000m\000o\000m\000e\000n\000t\000s}{appendix.A}% 31
\BOOKMARK [2][-]{subsection.A.3}{\376\377\000S\000m\000o\000o\000t\000h\000n\000e\000s\000s\000\040\000o\000f\000\040\000t\000h\000e\000\040\000C\000P\000T\000\040\000o\000b\000j\000e\000c\000t\000i\000v\000e}{appendix.A}% 32
\BOOKMARK [2][-]{subsection.A.4}{\376\377\000P\000r\000o\000j\000e\000c\000t\000e\000d\000\040\000r\000e\000s\000i\000d\000u\000a\000l\000\040\000a\000n\000d\000\040\000c\000o\000n\000s\000t\000r\000a\000i\000n\000e\000d\000\040\000s\000t\000a\000t\000i\000o\000n\000a\000r\000i\000t\000y}{appendix.A}% 33
\BOOKMARK [1][-]{appendix.B}{\376\377\000P\000r\000o\000o\000f\000s\000\040\000f\000o\000r\000\040\000t\000h\000e\000\040\000R\000e\000f\000e\000r\000e\000n\000c\000e\000\040\000M\000e\000c\000h\000a\000n\000i\000s\000m\000\040\000a\000n\000d\000\040\000C\000P\000T\000\040\000G\000r\000a\000d\000i\000e\000n\000t}{}% 34
\BOOKMARK [2][-]{subsection.B.1}{\376\377\000S\000a\000m\000e\000\040\000t\000e\000r\000m\000i\000n\000a\000l\000\040\000w\000e\000a\000l\000t\000h\000\040\000a\000n\000d\000\040\000p\000a\000t\000h\000-\000d\000e\000p\000e\000n\000d\000e\000n\000t\000\040\000r\000e\000f\000e\000r\000e\000n\000c\000e}{appendix.B}% 35
\BOOKMARK [2][-]{subsection.B.2}{\376\377\000R\000e\000f\000e\000r\000e\000n\000c\000e\000\040\000c\000o\000n\000t\000r\000a\000c\000t\000i\000o\000n\000\040\000a\000n\000d\000\040\000C\000P\000T\000\040\000s\000e\000n\000s\000i\000t\000i\000v\000i\000t\000y}{appendix.B}% 36
\BOOKMARK [2][-]{subsection.B.3}{\376\377\000S\000c\000o\000r\000e\000\040\000r\000e\000p\000r\000e\000s\000e\000n\000t\000a\000t\000i\000o\000n\000\040\000o\000f\000\040\000t\000h\000e\000\040\000C\000P\000T\000\040\000g\000r\000a\000d\000i\000e\000n\000t}{appendix.B}% 37
\BOOKMARK [1][-]{appendix.C}{\376\377\000P\000r\000o\000o\000f\000s\000\040\000f\000o\000r\000\040\000t\000h\000e\000\040\000D\000e\000b\000i\000a\000s\000e\000d\000\040\000E\000s\000t\000i\000m\000a\000t\000o\000r}{}% 38
\BOOKMARK [2][-]{subsection.C.1}{\376\377\000S\000e\000c\000o\000n\000d\000-\000o\000r\000d\000e\000r\000\040\000e\000x\000p\000a\000n\000s\000i\000o\000n\000\040\000a\000n\000d\000\040\000f\000u\000l\000l\000/\000h\000a\000l\000f\000\040\000c\000o\000u\000p\000l\000i\000n\000g}{appendix.C}% 39
\BOOKMARK [2][-]{subsection.C.2}{\376\377\000C\000e\000n\000t\000e\000r\000i\000n\000g\000\040\000a\000n\000d\000\040\000f\000i\000n\000i\000t\000e\000-\000s\000a\000m\000p\000l\000e\000\040\000b\000i\000a\000s}{appendix.C}% 40
\BOOKMARK [2][-]{subsection.C.3}{\376\377\000U\000n\000b\000i\000a\000s\000e\000d\000n\000e\000s\000s\000,\000\040\000v\000a\000r\000i\000a\000n\000c\000e\000,\000\040\000c\000o\000s\000t\000,\000\040\000a\000n\000d\000\040\000t\000h\000e\000\040\000C\000L\000T}{appendix.C}% 41
\BOOKMARK [1][-]{appendix.D}{\376\377\000P\000r\000o\000o\000f\000s\000\040\000f\000o\000r\000\040\000t\000h\000e\000\040\000O\000n\000l\000i\000n\000e\000\040\000R\000e\000s\000i\000d\000u\000a\000l\000\040\000a\000n\000d\000\040\000T\000r\000a\000c\000k\000i\000n\000g\000\040\000R\000e\000s\000u\000l\000t\000s}{}% 42
\BOOKMARK [2][-]{subsection.D.1}{\376\377\000N\000o\000r\000m\000a\000l\000i\000z\000e\000d\000\040\000p\000r\000o\000j\000e\000c\000t\000e\000d\000\040\000a\000s\000c\000e\000n\000t}{appendix.D}% 43
\BOOKMARK [2][-]{subsection.D.2}{\376\377\000A\000v\000e\000r\000a\000g\000e\000\040\000e\000x\000p\000e\000c\000t\000e\000d\000\040\000s\000q\000u\000a\000r\000e\000d\000\040\000p\000r\000o\000j\000e\000c\000t\000e\000d\000\040\000r\000e\000s\000i\000d\000u\000a\000l}{appendix.D}% 44
\BOOKMARK [2][-]{subsection.D.3}{\376\377\000D\000y\000n\000a\000m\000i\000c\000\040\000l\000o\000c\000a\000l\000\040\000r\000e\000g\000r\000e\000t}{appendix.D}% 45
\BOOKMARK [2][-]{subsection.D.4}{\376\377\000S\000t\000a\000t\000i\000o\000n\000a\000r\000y\000-\000s\000e\000t\000\040\000c\000o\000n\000s\000e\000q\000u\000e\000n\000c\000e\000s}{appendix.D}% 46
\BOOKMARK [1][-]{appendix.E}{\376\377\000P\000r\000o\000o\000f\000\040\000o\000f\000\040\000t\000h\000e\000\040\000F\000i\000x\000e\000d\000-\000D\000i\000m\000e\000n\000s\000i\000o\000n\000\040\000M\000i\000n\000i\000m\000a\000x\000\040\000R\000a\000t\000e}{}% 47
